exports[`SearchForm renders without crashing 1`] = `
ShallowWrapper {
  "complexSelector": ComplexSelector {
    "buildPredicate": [Function],
    "childrenOfNode": [Function],
    "findWhereUnwrapped": [Function],
  },
  "length": 1,
  "node": <FormGroup
    bsClass="form-group">
    <InputGroup
        bsClass="input-group">
        <FormControl
            bsClass="form-control"
            componentClass="select"
            defaultValue="THIS_WEEK"
            inputRef={[Function]}
            onChange={[Function]}
            placeholder="Select one...">
            <option
                value="TODAY">
                Dnes
            </option>
            <option
                value="TOMORROW">
                Zítra
            </option>
            <option
                value="THIS_WEEK">
                Tento týden
            </option>
            <option
                value="NEXT_WEEK">
                Příští týden
            </option>
            <option
                value="THIS_MONTH">
                Tento měsíc
            </option>
        </FormControl>
        <InputGroupButton
            bsClass="input-group-btn">
            <Button
                active={false}
                block={false}
                bsClass="btn"
                bsStyle="default"
                disabled={false}
                onClick={[Function]}
                type="button">
                <Icon
                    name="search" />
            </Button>
        </InputGroupButton>
    </InputGroup>
</FormGroup>,
  "nodes": Array [
    <FormGroup
      bsClass="form-group">
      <InputGroup
            bsClass="input-group">
            <FormControl
                  bsClass="form-control"
                  componentClass="select"
                  defaultValue="THIS_WEEK"
                  inputRef={[Function]}
                  onChange={[Function]}
                  placeholder="Select one...">
                  <option
                        value="TODAY">
                        Dnes
                  </option>
                  <option
                        value="TOMORROW">
                        Zítra
                  </option>
                  <option
                        value="THIS_WEEK">
                        Tento týden
                  </option>
                  <option
                        value="NEXT_WEEK">
                        Příští týden
                  </option>
                  <option
                        value="THIS_MONTH">
                        Tento měsíc
                  </option>
            </FormControl>
            <InputGroupButton
                  bsClass="input-group-btn">
                  <Button
                        active={false}
                        block={false}
                        bsClass="btn"
                        bsStyle="default"
                        disabled={false}
                        onClick={[Function]}
                        type="button">
                        <Icon
                              name="search" />
                  </Button>
            </InputGroupButton>
      </InputGroup>
</FormGroup>,
  ],
  "options": Object {},
  "renderer": ReactShallowRenderer {
    "_instance": ShallowComponentWrapper {
      "_calledComponentWillUnmount": false,
      "_compositeType": 0,
      "_context": Object {},
      "_currentElement": <SearchForm />,
      "_debugID": 1,
      "_hostContainerInfo": null,
      "_hostParent": null,
      "_instance": SearchForm {
        "_dateToString": [Function],
        "_getListUrl": [Function],
        "_handleFail": [Function],
        "_handleFormChange": [Function],
        "_handleSuccess": [Function],
        "_reactInternalInstance": [Circular],
        "componentDidMount": [Function],
        "context": Object {},
        "intervalLabels": Object {
          "NEXT_WEEK": "Příští týden",
          "THIS_MONTH": "Tento měsíc",
          "THIS_WEEK": "Tento týden",
          "TODAY": "Dnes",
          "TOMORROW": "Zítra",
        },
        "obState": Object {
          "dateInterval": "THIS_WEEK",
          "searching": false,
        },
        "props": Object {},
        "refs": Object {},
        "render": [Function],
        "state": null,
        "updater": Object {
          "enqueueCallback": [Function],
          "enqueueCallbackInternal": [Function],
          "enqueueElementInternal": [Function],
          "enqueueForceUpdate": [Function],
          "enqueueReplaceState": [Function],
          "enqueueSetState": [Function],
          "isMounted": [Function],
          "validateCallback": [Function],
        },
      },
      "_mountOrder": 1,
      "_pendingCallbacks": null,
      "_pendingElement": null,
      "_pendingForceUpdate": false,
      "_pendingReplaceState": false,
      "_pendingStateQueue": null,
      "_renderedComponent": NoopInternalComponent {
        "_currentElement": <FormGroup
          bsClass="form-group">
          <InputGroup
                    bsClass="input-group">
                    <FormControl
                              bsClass="form-control"
                              componentClass="select"
                              defaultValue="THIS_WEEK"
                              inputRef={[Function]}
                              onChange={[Function]}
                              placeholder="Select one...">
                              <option
                                        value="TODAY">
                                        Dnes
                              </option>
                              <option
                                        value="TOMORROW">
                                        Zítra
                              </option>
                              <option
                                        value="THIS_WEEK">
                                        Tento týden
                              </option>
                              <option
                                        value="NEXT_WEEK">
                                        Příští týden
                              </option>
                              <option
                                        value="THIS_MONTH">
                                        Tento měsíc
                              </option>
                    </FormControl>
                    <InputGroupButton
                              bsClass="input-group-btn">
                              <Button
                                        active={false}
                                        block={false}
                                        bsClass="btn"
                                        bsStyle="default"
                                        disabled={false}
                                        onClick={[Function]}
                                        type="button">
                                        <Icon
                                                  name="search" />
                              </Button>
                    </InputGroupButton>
          </InputGroup>
</FormGroup>,
        "_debugID": 2,
        "_renderedOutput": <FormGroup
          bsClass="form-group">
          <InputGroup
                    bsClass="input-group">
                    <FormControl
                              bsClass="form-control"
                              componentClass="select"
                              defaultValue="THIS_WEEK"
                              inputRef={[Function]}
                              onChange={[Function]}
                              placeholder="Select one...">
                              <option
                                        value="TODAY">
                                        Dnes
                              </option>
                              <option
                                        value="TOMORROW">
                                        Zítra
                              </option>
                              <option
                                        value="THIS_WEEK">
                                        Tento týden
                              </option>
                              <option
                                        value="NEXT_WEEK">
                                        Příští týden
                              </option>
                              <option
                                        value="THIS_MONTH">
                                        Tento měsíc
                              </option>
                    </FormControl>
                    <InputGroupButton
                              bsClass="input-group-btn">
                              <Button
                                        active={false}
                                        block={false}
                                        bsClass="btn"
                                        bsStyle="default"
                                        disabled={false}
                                        onClick={[Function]}
                                        type="button">
                                        <Icon
                                                  name="search" />
                              </Button>
                    </InputGroupButton>
          </InputGroup>
</FormGroup>,
      },
      "_renderedNodeType": 1,
      "_rootNodeID": 0,
      "_topLevelWrapper": null,
      "_updateBatchNumber": null,
      "_warnedAboutRefsInRender": false,
    },
    "getRenderOutput": [Function],
    "render": [Function],
  },
  "root": [Circular],
  "unrendered": <SearchForm />,
}
`;
