// Jest Snapshot v1, https://goo.gl/fbAQLP

exports[`renders without crashing 1`] = `
<styled.div>
  <Icon
    name="circle-o-notch"
  />
</styled.div>
`;
